[    0.000000] Initializing cgroup subsys cpuset
[    0.000000] Initializing cgroup subsys cpu
[    0.000000] Initializing cgroup subsys cpuacct
[    0.000000] Linux version 4.4.0-142-generic (buildd@lgw01-amd64-033) (gcc version 5.4.0 20160609 (Ubuntu 5.4.0-6ubuntu1~16.04.10) ) #168-Ubuntu SMP Wed Jan 16 21:00:45 UTC 2019 (Ubuntu 4.4.0-142.168-generic 4.4.167)
[    0.000000] Command line: BOOT_IMAGE=/boot/vmlinuz-4.4.0-142-generic root=LABEL=cloudimg-rootfs ro console=tty1 console=ttyS0
[    0.000000] KERNEL supported cpus:
[    0.000000]   Intel GenuineIntel
[    0.000000]   AMD AuthenticAMD
[    0.000000]   Centaur CentaurHauls
[    0.000000] x86/fpu: xstate_offset[2]:  576, xstate_sizes[2]:  256
[    0.000000] x86/fpu: Supporting XSAVE feature 0x01: 'x87 floating point registers'
[    0.000000] x86/fpu: Supporting XSAVE feature 0x02: 'SSE registers'
[    0.000000] x86/fpu: Supporting XSAVE feature 0x04: 'AVX registers'
[    0.000000] x86/fpu: Enabled xstate features 0x7, context size is 832 bytes, using 'standard' format.
[    0.000000] e820: BIOS-provided physical RAM map:
[    0.000000] BIOS-e820: [mem 0x0000000000000000-0x000000000009fbff] usable
[    0.000000] BIOS-e820: [mem 0x000000000009fc00-0x000000000009ffff] reserved
[    0.000000] BIOS-e820: [mem 0x00000000000f0000-0x00000000000fffff] reserved
[    0.000000] BIOS-e820: [mem 0x0000000000100000-0x000000007ffeffff] usable
[    0.000000] BIOS-e820: [mem 0x000000007fff0000-0x000000007fffffff] ACPI data
[    0.000000] BIOS-e820: [mem 0x00000000fec00000-0x00000000fec00fff] reserved
[    0.000000] BIOS-e820: [mem 0x00000000fee00000-0x00000000fee00fff] reserved
[    0.000000] BIOS-e820: [mem 0x00000000fffc0000-0x00000000ffffffff] reserved
[    0.000000] NX (Execute Disable) protection: active
[    0.000000] SMBIOS 2.5 present.
[    0.000000] Hypervisor detected: KVM
[    0.000000] e820: last_pfn = 0x7fff0 max_arch_pfn = 0x400000000
[    0.000000] MTRR: Disabled
[    0.000000] x86/PAT: MTRRs disabled, skipping PAT initialization too.
[    0.000000] CPU MTRRs all blank - virtualized system.
[    0.000000] x86/PAT: Configuration [0-7]: WB  WT  UC- UC  WB  WT  UC- UC  
[    0.000000] found SMP MP-table at [mem 0x0009fff0-0x0009ffff] mapped at [ffff88000009fff0]
[    0.000000] Scanning 1 areas for low memory corruption
[    0.000000] RAMDISK: [mem 0x3630a000-0x3717cfff]
[    0.000000] ACPI: Early table checksum verification disabled
[    0.000000] ACPI: RSDP 0x00000000000E0000 000024 (v02 VBOX  )
[    0.000000] ACPI: XSDT 0x000000007FFF0030 00003C (v01 VBOX   VBOXXSDT 00000001 ASL  00000061)
[    0.000000] ACPI: FACP 0x000000007FFF00F0 0000F4 (v04 VBOX   VBOXFACP 00000001 ASL  00000061)
[    0.000000] ACPI: DSDT 0x000000007FFF0470 0022EA (v02 VBOX   VBOXBIOS 00000002 INTL 20100528)
[    0.000000] ACPI: FACS 0x000000007FFF0200 000040
[    0.000000] ACPI: FACS 0x000000007FFF0200 000040
[    0.000000] ACPI: APIC 0x000000007FFF0240 00005C (v02 VBOX   VBOXAPIC 00000001 ASL  00000061)
[    0.000000] ACPI: SSDT 0x000000007FFF02A0 0001CC (v01 VBOX   VBOXCPUT 00000002 INTL 20100528)
[    0.000000] No NUMA configuration found
[    0.000000] Faking a node at [mem 0x0000000000000000-0x000000007ffeffff]
[    0.000000] NODE_DATA(0) allocated [mem 0x7ffeb000-0x7ffeffff]
[    0.000000] kvm-clock: Using msrs 4b564d01 and 4b564d00
[    0.000000] kvm-clock: cpu 0, msr 0:7ffe3001, primary cpu clock
[    0.000000] kvm-clock: using sched offset of 4021321083 cycles
[    0.000000] clocksource: kvm-clock: mask: 0xffffffffffffffff max_cycles: 0x1cd42e4dffb, max_idle_ns: 881590591483 ns
[    0.000000] Zone ranges:
[    0.000000]   DMA      [mem 0x0000000000001000-0x0000000000ffffff]
[    0.000000]   DMA32    [mem 0x0000000001000000-0x000000007ffeffff]
[    0.000000]   Normal   empty
[    0.000000]   Device   empty
[    0.000000] Movable zone start for each node
[    0.000000] Early memory node ranges
[    0.000000]   node   0: [mem 0x0000000000001000-0x000000000009efff]
[    0.000000]   node   0: [mem 0x0000000000100000-0x000000007ffeffff]
[    0.000000] Initmem setup node 0 [mem 0x0000000000001000-0x000000007ffeffff]
[    0.000000] ACPI: PM-Timer IO Port: 0x4008
[    0.000000] IOAPIC[0]: apic_id 2, version 32, address 0xfec00000, GSI 0-23
[    0.000000] ACPI: INT_SRC_OVR (bus 0 bus_irq 0 global_irq 2 dfl dfl)
[    0.000000] ACPI: INT_SRC_OVR (bus 0 bus_irq 9 global_irq 9 low level)
[    0.000000] Using ACPI (MADT) for SMP configuration information
[    0.000000] smpboot: Allowing 2 CPUs, 0 hotplug CPUs
[    0.000000] PM: Registered nosave memory: [mem 0x00000000-0x00000fff]
[    0.000000] PM: Registered nosave memory: [mem 0x0009f000-0x0009ffff]
[    0.000000] PM: Registered nosave memory: [mem 0x000a0000-0x000effff]
[    0.000000] PM: Registered nosave memory: [mem 0x000f0000-0x000fffff]
[    0.000000] e820: [mem 0x80000000-0xfebfffff] available for PCI devices
[    0.000000] Booting paravirtualized kernel on KVM
[    0.000000] clocksource: refined-jiffies: mask: 0xffffffff max_cycles: 0xffffffff, max_idle_ns: 7645519600211568 ns
[    0.000000] setup_percpu: NR_CPUS:512 nr_cpumask_bits:512 nr_cpu_ids:2 nr_node_ids:1
[    0.000000] PERCPU: Embedded 34 pages/cpu @ffff88007fc00000 s99480 r8192 d31592 u1048576
[    0.000000] Built 1 zonelists in Node order, mobility grouping on.  Total pages: 515960
[    0.000000] Policy zone: DMA32
[    0.000000] Kernel command line: BOOT_IMAGE=/boot/vmlinuz-4.4.0-142-generic root=LABEL=cloudimg-rootfs ro console=tty1 console=ttyS0
[    0.000000] PID hash table entries: 4096 (order: 3, 32768 bytes)
[    0.000000] Memory: 2029928K/2096696K available (8603K kernel code, 1332K rwdata, 4004K rodata, 1484K init, 1316K bss, 66768K reserved, 0K cma-reserved)
[    0.000000] SLUB: HWalign=64, Order=0-3, MinObjects=0, CPUs=2, Nodes=1
[    0.000000] Kernel/User page tables isolation: enabled
[    0.000000] Hierarchical RCU implementation.
[    0.000000] 	Build-time adjustment of leaf fanout to 64.
[    0.000000] 	RCU restricting CPUs from NR_CPUS=512 to nr_cpu_ids=2.
[    0.000000] RCU: Adjusting geometry for rcu_fanout_leaf=64, nr_cpu_ids=2
[    0.000000] NR_IRQS:33024 nr_irqs:440 16
[    0.000000] Console: colour VGA+ 80x25
[    0.000000] console [tty1] enabled
[    0.000000] console [ttyS0] enabled
[    0.000000] tsc: Detected 2592.002 MHz processor
[    0.342489] Calibrating delay loop (skipped) preset value.. 5184.00 BogoMIPS (lpj=10368008)
[    0.345200] pid_max: default: 32768 minimum: 301
[    0.346757] ACPI: Core revision 20150930
[    0.350320] ACPI: 2 ACPI AML tables successfully acquired and loaded
[    0.352475] Security Framework initialized
[    0.354170] Yama: becoming mindful.
[    0.355478] AppArmor: AppArmor initialized
[    0.359934] Dentry cache hash table entries: 262144 (order: 9, 2097152 bytes)
[    0.362799] Inode-cache hash table entries: 131072 (order: 8, 1048576 bytes)
[    0.368794] Mount-cache hash table entries: 4096 (order: 3, 32768 bytes)
[    0.372424] Mountpoint-cache hash table entries: 4096 (order: 3, 32768 bytes)
[    0.376003] Initializing cgroup subsys io
[    0.377935] Initializing cgroup subsys memory
[    0.379776] Initializing cgroup subsys devices
[    0.381682] Initializing cgroup subsys freezer
[    0.383526] Initializing cgroup subsys net_cls
[    0.385305] Initializing cgroup subsys perf_event
[    0.386875] Initializing cgroup subsys net_prio
[    0.388399] Initializing cgroup subsys hugetlb
[    0.389981] Initializing cgroup subsys pids
[    0.393902] mce: CPU supports 0 MCE banks
[    0.396197] Last level iTLB entries: 4KB 64, 2MB 8, 4MB 8
[    0.398991] Last level dTLB entries: 4KB 64, 2MB 0, 4MB 0, 1GB 4
[    0.401962] Spectre V2 : Mitigation: Full generic retpoline
[    0.404833] Spectre V2 : Spectre v2 / SpectreRSB mitigation: Filling RSB on context switch
[    0.409514] Speculative Store Bypass: Vulnerable
[    0.419017] Freeing SMP alternatives memory: 32K
[    0.435910] ftrace: allocating 32277 entries in 127 pages
[    0.561202] smpboot: APIC(0) Converting physical 0 to logical package 0
[    0.564761] smpboot: Max logical packages: 1
[    0.569114] x2apic enabled
[    0.571770] Switched APIC routing to physical x2apic.
[    0.576976] ..TIMER: vector=0x30 apic1=0 pin1=2 apic2=-1 pin2=-1
[    0.685762] smpboot: CPU0: Intel(R) Core(TM) i7-6500U CPU @ 2.50GHz (family: 0x6, model: 0x4e, stepping: 0x3)
[    0.689693] Performance Events: unsupported p6 CPU model 78 no PMU driver, software events only.
[    0.710606] KVM setup paravirtual spinlock
[    0.716876] x86: Booting SMP configuration:
[    0.719332] .... node  #0, CPUs:      #1
[    0.721596] kvm-clock: cpu 1, msr 0:7ffe3041, secondary cpu clock
[    0.725527] mce: CPU supports 0 MCE banks
[    0.728626] x86: Booted up 1 node, 2 CPUs
[    0.731115] smpboot: Total of 2 processors activated (10368.00 BogoMIPS)
[    0.735502] devtmpfs: initialized
[    0.741695] evm: security.selinux
[    0.743784] evm: security.SMACK64
[    0.745832] evm: security.SMACK64EXEC
[    0.748109] evm: security.SMACK64TRANSMUTE
[    0.750605] evm: security.SMACK64MMAP
[    0.752724] evm: security.ima
[    0.754693] evm: security.capability
[    0.757326] clocksource: jiffies: mask: 0xffffffff max_cycles: 0xffffffff, max_idle_ns: 7645041785100000 ns
[    0.761853] futex hash table entries: 512 (order: 3, 32768 bytes)
[    0.764567] pinctrl core: initialized pinctrl subsystem
[    0.766907] RTC time: 18:06:44, date: 04/10/19
[    0.769276] NET: Registered protocol family 16
[    0.783600] cpuidle: using governor ladder
[    0.799962] cpuidle: using governor menu
[    0.802430] PCCT header not found.
[    0.804644] ACPI: bus type PCI registered
[    0.807048] acpiphp: ACPI Hot Plug PCI Controller Driver version: 0.5
[    0.810563] PCI: Using configuration type 1 for base access
[    0.829253] ACPI: Added _OSI(Module Device)
[    0.831703] ACPI: Added _OSI(Processor Device)
[    0.834157] ACPI: Added _OSI(3.0 _SCP Extensions)
[    0.836691] ACPI: Added _OSI(Processor Aggregator Device)
[    0.841147] ACPI: Executed 1 blocks of module-level executable AML code
[    0.850137] ACPI: Interpreter enabled
[    0.852557] ACPI: (supports S0 S5)
[    0.854843] ACPI: Using IOAPIC for interrupt routing
[    0.857893] PCI: Using host bridge windows from ACPI; if necessary, use "pci=nocrs" and report a bug
[    0.873996] ACPI: PCI Root Bridge [PCI0] (domain 0000 [bus 00-ff])
[    0.876772] acpi PNP0A03:00: _OSC: OS supports [ASPM ClockPM Segments MSI]
[    0.881065] acpi PNP0A03:00: _OSC: not requesting OS control; OS requires [ExtendedConfig ASPM ClockPM MSI]
[    0.886462] acpi PNP0A03:00: fail to add MMCONFIG information, can't access extended PCI configuration space under this bridge.
[    0.893742] PCI host bridge to bus 0000:00
[    0.896287] pci_bus 0000:00: root bus resource [io  0x0000-0x0cf7 window]
[    0.899767] pci_bus 0000:00: root bus resource [io  0x0d00-0xffff window]
[    0.902652] pci_bus 0000:00: root bus resource [mem 0x000a0000-0x000bffff window]
[    0.906559] pci_bus 0000:00: root bus resource [mem 0x80000000-0xfdffffff window]
[    0.910547] pci_bus 0000:00: root bus resource [bus 00-ff]
[    0.920930] pci 0000:00:01.1: legacy IDE quirk: reg 0x10: [io  0x01f0-0x01f7]
[    0.923791] pci 0000:00:01.1: legacy IDE quirk: reg 0x14: [io  0x03f6]
[    0.925829] pci 0000:00:01.1: legacy IDE quirk: reg 0x18: [io  0x0170-0x0177]
[    0.928689] pci 0000:00:01.1: legacy IDE quirk: reg 0x1c: [io  0x0376]
[    0.962459] pci 0000:00:07.0: quirk: [io  0x4000-0x403f] claimed by PIIX4 ACPI
[    0.965428] pci 0000:00:07.0: quirk: [io  0x4100-0x410f] claimed by PIIX4 SMB
[    1.012245] ACPI: PCI Interrupt Link [LNKA] (IRQs 5 9 10 *11)
[    1.015070] ACPI: PCI Interrupt Link [LNKB] (IRQs 5 9 *10 11)
[    1.017843] ACPI: PCI Interrupt Link [LNKC] (IRQs 5 *9 10 11)
[    1.022409] ACPI: PCI Interrupt Link [LNKD] (IRQs 5 9 10 *11)
[    1.026075] ACPI: Enabled 2 GPEs in block 00 to 07
[    1.028309] vgaarb: setting as boot device: PCI:0000:00:02.0
[    1.030268] vgaarb: device added: PCI:0000:00:02.0,decodes=io+mem,owns=io+mem,locks=none
[    1.033115] vgaarb: loaded
[    1.034617] vgaarb: bridge control possible 0000:00:02.0
[    1.037013] SCSI subsystem initialized
[    1.038706] ACPI: bus type USB registered
[    1.040258] usbcore: registered new interface driver usbfs
[    1.042047] usbcore: registered new interface driver hub
[    1.043900] usbcore: registered new device driver usb
[    1.046065] PCI: Using ACPI for IRQ routing
[    1.048011] NetLabel: Initializing
[    1.049377] NetLabel:  domain hash size = 128
[    1.051019] NetLabel:  protocols = UNLABELED CIPSOv4
[    1.052668] NetLabel:  unlabeled traffic allowed by default
[    1.054805] amd_nb: Cannot enumerate AMD northbridges
[    1.056639] clocksource: Switched to clocksource kvm-clock
[    1.074021] AppArmor: AppArmor Filesystem Enabled
[    1.076710] pnp: PnP ACPI init
[    1.080213] pnp: PnP ACPI: found 3 devices
[    1.110390] clocksource: acpi_pm: mask: 0xffffff max_cycles: 0xffffff, max_idle_ns: 2085701024 ns
[    1.115037] NET: Registered protocol family 2
[    1.117731] TCP established hash table entries: 16384 (order: 5, 131072 bytes)
[    1.121932] TCP bind hash table entries: 16384 (order: 6, 262144 bytes)
[    1.125184] TCP: Hash tables configured (established 16384 bind 16384)
[    1.128625] UDP hash table entries: 1024 (order: 3, 32768 bytes)
[    1.131669] UDP-Lite hash table entries: 1024 (order: 3, 32768 bytes)
[    1.134922] NET: Registered protocol family 1
[    1.137462] pci 0000:00:00.0: Limiting direct PCI/PCI transfers
[    1.140638] pci 0000:00:01.0: Activating ISA DMA hang workarounds
[    1.144058] Unpacking initramfs...
[    1.629325] Freeing initrd memory: 14796K
[    1.631369] platform rtc_cmos: registered platform RTC device (no PNP device found)
[    1.634749] Scanning for low memory corruption every 60 seconds
[    1.637748] audit: initializing netlink subsys (disabled)
[    1.639787] audit: type=2000 audit(1554919610.394:1): initialized
[    1.642026] Initialise system trusted keyring
[    1.643795] HugeTLB registered 2 MB page size, pre-allocated 0 pages
[    1.647869] zbud: loaded
[    1.649864] VFS: Disk quotas dquot_6.6.0
[    1.651245] VFS: Dquot-cache hash table entries: 512 (order 0, 4096 bytes)
[    1.653690] squashfs: version 4.0 (2009/01/31) Phillip Lougher
[    1.655937] fuse init (API version 7.23)
[    1.657371] Key type big_key registered
[    1.658650] Allocating IMA MOK and blacklist keyrings.
[    1.666453] Key type asymmetric registered
[    1.668087] Asymmetric key parser 'x509' registered
[    1.670038] Block layer SCSI generic (bsg) driver version 0.4 loaded (major 249)
[    1.672964] io scheduler noop registered
[    1.674784] io scheduler deadline registered (default)
[    1.676391] io scheduler cfq registered
[    1.677899] pci_hotplug: PCI Hot Plug PCI Core version: 0.5
[    1.679950] pciehp: PCI Express Hot Plug Controller Driver version: 0.4
[    1.682103] ACPI: AC Adapter [AC] (off-line)
[    1.683701] input: Power Button as /devices/LNXSYSTM:00/LNXPWRBN:00/input/input0
[    1.686600] ACPI: Power Button [PWRF]
[    1.687911] input: Sleep Button as /devices/LNXSYSTM:00/LNXSLPBN:00/input/input1
[    1.690621] ACPI: Sleep Button [SLPF]
[    1.694006] ACPI: Battery Slot [BAT0] (battery present)
[    1.696435] GHES: HEST is not enabled!
[    1.699119] Serial: 8250/16550 driver, 32 ports, IRQ sharing enabled
	
 !"#$%&'()*+,-./0123456789:;<=>?@ABCDEFGHIJKLMNOPQRSTUVWXYZ[\]^_`abcdefghijklmnopqrstuvwxyz{|}~ÄÅÇÉÑÖÜáàâäãåçéèêëíìîïñóòôöõúùûü†°¢£§•¶ß®©™´¨≠ÆØ∞±≤≥¥µ∂∑∏π∫ªºΩæø¿¡¬√ƒ≈∆«»… ÀÃÕŒœ–—“”‘’÷◊ÿŸ⁄€‹›ﬁﬂ‡·‚„‰ÂÊÁËÈÍÎÏÌÓÔÒÚÛÙıˆ˜¯˘˙˚¸˝˛ˇ[    1.725749] 00:02: ttyS0 at I/O 0x3f8 (irq = 4, base_baud = 115200) is a 16550A
[    1.732112] Linux agpgart interface v0.103
[    1.742130] loop: module loaded
[    1.745679] scsi host0: ata_piix
[    1.748082] scsi host1: ata_piix
[    1.750084] ata1: PATA max UDMA/33 cmd 0x1f0 ctl 0x3f6 bmdma 0xd000 irq 14
[    1.753061] ata2: PATA max UDMA/33 cmd 0x170 ctl 0x376 bmdma 0xd008 irq 15
[    1.756465] libphy: Fixed MDIO Bus: probed
[    1.758628] tun: Universal TUN/TAP device driver, 1.6
[    1.761051] tun: (C) 1999-2004 Max Krasnyansky <maxk@qualcomm.com>
[    1.764509] PPP generic driver version 2.4.2
[    1.767085] ehci_hcd: USB 2.0 'Enhanced' Host Controller (EHCI) Driver
[    1.770395] ehci-pci: EHCI PCI platform driver
[    1.772795] ehci-platform: EHCI generic platform driver
[    1.775766] ohci_hcd: USB 1.1 'Open' Host Controller (OHCI) Driver
[    1.779026] ohci-pci: OHCI PCI platform driver
[    1.781397] ohci-platform: OHCI generic platform driver
[    1.784919] uhci_hcd: USB Universal Host Controller Interface driver
[    1.788123] i8042: PNP: PS/2 Controller [PNP0303:PS2K,PNP0f03:PS2M] at 0x60,0x64 irq 1,12
[    1.793593] serio: i8042 KBD port at 0x60,0x64 irq 1
[    1.795771] serio: i8042 AUX port at 0x60,0x64 irq 12
[    1.798318] mousedev: PS/2 mouse device common for all mice
[    1.801208] rtc_cmos rtc_cmos: rtc core: registered rtc_cmos as rtc0
[    1.804063] rtc_cmos rtc_cmos: alarms up to one day, 114 bytes nvram
[    1.806626] i2c /dev entries driver
[    1.808086] input: AT Translated Set 2 keyboard as /devices/platform/i8042/serio0/input/input2
[    1.811413] device-mapper: uevent: version 1.0.3
[    1.812888] device-mapper: ioctl: 4.34.0-ioctl (2015-10-28) initialised: dm-devel@redhat.com
[    1.816051] ledtrig-cpu: registered to indicate activity on CPUs
[    1.820116] NET: Registered protocol family 10
[    1.822386] NET: Registered protocol family 17
[    1.824241] Key type dns_resolver registered
[    1.826429] registered taskstats version 1
[    1.827856] Loading compiled-in X.509 certificates
[    1.830302] Loaded X.509 cert 'Build time autogenerated kernel key: bff73e56bc0efa7435b2a24f5427674623f1be80'
[    1.833875] zswap: loaded using pool lzo/zbud
[    1.839645] Key type trusted registered
[    1.849598] Key type encrypted registered
[    1.851073] AppArmor: AppArmor sha1 policy hashing enabled
[    1.852765] ima: No TPM chip found, activating TPM-bypass!
[    1.854686] ima: Allocated hash algorithm: sha1
[    1.856207] evm: HMAC attrs: 0x1
[    1.858071]   Magic number: 15:711:139
[    1.859577] rtc_cmos rtc_cmos: setting system clock to 2019-04-10 18:06:45 UTC (1554919605)
[    1.863126] BIOS EDD facility v0.16 2004-Jun-25, 0 devices found
[    1.865035] EDD information not available.
[    1.914893] Freeing unused kernel memory: 1484K
[    1.917413] Write protecting the kernel read-only data: 14336k
[    1.921748] Freeing unused kernel memory: 1624K
[    1.924884] Freeing unused kernel memory: 92K
Loading, please wait...
starting version 229
[    1.954909] random: systemd-udevd: uninitialized urandom read (16 bytes read, 3 bits of entropy available)
[    1.956169] random: udevadm: uninitialized urandom read (16 bytes read, 3 bits of entropy available)
[    1.956203] random: udevadm: uninitialized urandom read (16 bytes read, 3 bits of entropy available)
[    1.973487] random: systemd-udevd: uninitialized urandom read (16 bytes read, 3 bits of entropy available)
[    1.974221] random: udevadm: uninitialized urandom read (16 bytes read, 3 bits of entropy available)
[    1.974283] random: udevadm: uninitialized urandom read (16 bytes read, 3 bits of entropy available)
[    1.974505] random: udevadm: uninitialized urandom read (16 bytes read, 3 bits of entropy available)
[    1.974605] random: udevadm: uninitialized urandom read (16 bytes read, 3 bits of entropy available)
[    1.974777] random: udevadm: uninitialized urandom read (16 bytes read, 3 bits of entropy available)
[    1.974860] random: udevadm: uninitialized urandom read (16 bytes read, 3 bits of entropy available)
[    2.088015] e1000: Intel(R) PRO/1000 Network Driver - version 7.3.21-k8-NAPI
[    2.090952] e1000: Copyright (c) 1999-2006 Intel Corporation.
[    2.100671] Fusion MPT base driver 3.04.20
[    2.103028] Copyright (c) 1999-2008 LSI Corporation
[    2.132705] AVX2 version of gcm_enc/dec engaged.
[    2.135743] AES CTR mode by8 optimization enabled
[    2.153982] Fusion MPT SPI Host driver 3.04.20
[    2.327162] input: ImExPS/2 Generic Explorer Mouse as /devices/platform/i8042/serio1/input/input4
[    2.629496] tsc: Refined TSC clocksource calibration: 2593.837 MHz
[    2.634911] clocksource: tsc: mask: 0xffffffffffffffff max_cycles: 0x25637e607af, max_idle_ns: 440795308361 ns
[    2.655952] e1000 0000:00:03.0 eth0: (PCI:33MHz:32-bit) 02:a9:46:80:4d:77
[    2.659614] e1000 0000:00:03.0 eth0: Intel(R) PRO/1000 Network Connection
[    3.152395] e1000 0000:00:08.0 eth1: (PCI:33MHz:32-bit) 08:00:27:00:fd:b1
[    3.155171] e1000 0000:00:08.0 eth1: Intel(R) PRO/1000 Network Connection
[    3.159607] mptbase: ioc0: Initiating bringup
[    3.163529] e1000 0000:00:03.0 enp0s3: renamed from eth0
[    3.181437] e1000 0000:00:08.0 enp0s8: renamed from eth1
[    3.225689] ioc0: LSI53C1030 A0: Capabilities={Initiator}
[    3.398882] scsi host2: ioc0: LSI53C1030 A0, FwRev=00000000h, Ports=1, MaxQ=256, IRQ=20
[    3.523362] scsi 2:0:0:0: Direct-Access     VBOX     HARDDISK         1.0  PQ: 0 ANSI: 5
[    3.532861] scsi target2:0:0: Beginning Domain Validation
[    3.547726] scsi target2:0:0: Domain Validation skipping write tests
[    3.553674] scsi target2:0:0: Ending Domain Validation
[    3.559215] scsi target2:0:0: asynchronous
[    3.565223] scsi 2:0:1:0: Direct-Access     VBOX     HARDDISK         1.0  PQ: 0 ANSI: 5
[    3.569730] scsi target2:0:1: Beginning Domain Validation
[    3.578549] scsi target2:0:1: Domain Validation skipping write tests
[    3.613389] scsi target2:0:1: Ending Domain Validation
[    3.616475] scsi target2:0:1: asynchronous
[    3.634482] sd 2:0:0:0: [sda] 20971520 512-byte logical blocks: (10.7 GB/10.0 GiB)
[    3.636941] sd 2:0:0:0: Attached scsi generic sg0 type 0
[    3.639534] sd 2:0:0:0: [sda] Write Protect is off
[    3.639778] sd 2:0:1:0: [sdb] 20480 512-byte logical blocks: (10.5 MB/10.0 MiB)
[    3.639991] sd 2:0:1:0: [sdb] Write Protect is off
[    3.640131] sd 2:0:1:0: [sdb] Incomplete mode parameter data
[    3.640132] sd 2:0:1:0: [sdb] Assuming drive cache: write through
[    3.644026] sd 2:0:1:0: [sdb] Attached SCSI disk
[    3.644925] sd 2:0:1:0: Attached scsi generic sg1 type 0
[    3.654060] sd 2:0:0:0: [sda] Incomplete mode parameter data
[    3.655925] sd 2:0:0:0: [sda] Assuming drive cache: write through
[    3.662758]  sda: sda1
[    3.666081] sd 2:0:0:0: [sda] Attached SCSI disk
Begin: Loading essential drivers ... [    5.633825] md: linear personality registered for level -1
[    5.640762] md: multipath personality registered for level -4
[    5.647520] md: raid0 personality registered for level 0
[    5.655387] md: raid1 personality registered for level 1
[    5.729433] raid6: sse2x1   gen()  5311 MB/s
[    5.797253] raid6: sse2x1   xor()  3842 MB/s
[    5.865065] raid6: sse2x2   gen()  6211 MB/s
[    5.933380] raid6: sse2x2   xor()  4208 MB/s
[    6.000740] raid6: sse2x4   gen()  6597 MB/s
[    6.069065] raid6: sse2x4   xor()  4882 MB/s
[    6.137380] raid6: avx2x1   gen()  9701 MB/s
[    6.204812] raid6: avx2x2   gen() 11118 MB/s
[    6.273065] raid6: avx2x4   gen() 12253 MB/s
[    6.275451] raid6: using algorithm avx2x4 gen() 12253 MB/s
[    6.278441] raid6: using avx2x2 recovery algorithm
[    6.283771] xor: automatically using best checksumming function:
[    6.324872]    avx       : 11838.000 MB/sec
[    6.328168] async_tx: api initialized (async)
[    6.348062] md: raid6 personality registered for level 6
[    6.350881] md: raid5 personality registered for level 5
[    6.353688] md: raid4 personality registered for level 4
[    6.366757] md: raid10 personality registered for level 10
done.
Begin: Running /scripts/init-premount ... done.
Begin: Mounting root file system ... Begin: Running /scripts/local-top ... done.
Begin: Running /scripts/local-premount ... [    6.432802] Btrfs loaded
Scanning for Btrfs filesystems
done.
Warning: fsck not present, so skipping root file system
[    6.501334] EXT4-fs (sda1): mounted filesystem with ordered data mode. Opts: (null)
done.
Begin: Running /scripts/local-bottom ... done.
Begin: Running /scripts/init-bottom ... done.
[    6.713998] systemd[1]: systemd 229 running in system mode. (+PAM +AUDIT +SELINUX +IMA +APPARMOR +SMACK +SYSVINIT +UTMP +LIBCRYPTSETUP +GCRYPT +GNUTLS +ACL +XZ -LZ4 +SECCOMP +BLKID +ELFUTILS +KMOD -IDN)
[    6.722747] systemd[1]: Detected virtualization oracle.
[    6.725357] systemd[1]: Detected architecture x86-64.

Welcome to [1mUbuntu 16.04.5 LTS[0m!

[    6.733500] systemd[1]: Set hostname to <ubuntu>.
[    6.739386] systemd[1]: Initializing machine ID from random generator.
[    6.742776] systemd[1]: Installed transient /etc/machine-id file.
[    6.978321] systemd[1]: Reached target System Time Synchronized.
[[0;32m  OK  [0m] Reached target System Time Synchronized.
[    6.984051] systemd[1]: Listening on udev Kernel Socket.
[[0;32m  OK  [0m] Listening on udev Kernel Socket.
[    6.993109] systemd[1]: Listening on Journal Audit Socket.
[[0;32m  OK  [0m] Listening on Journal Audit Socket.
[    6.998078] systemd[1]: Listening on Device-mapper event daemon FIFOs.
[[0;32m  OK  [0m] Listening on Device-mapper event daemon FIFOs.
[    7.004315] systemd[1]: Listening on /dev/initctl Compatibility Named Pipe.
[[0;32m  OK  [0m] Listening on /dev/initctl Compatibility Named Pipe.
[    7.011031] systemd[1]: Set up automount Arbitrary Executable File Formats File System Automount Point.
[[0;32m  OK  [0m] Set up automount Arbitrary Executab...ats File System Automount Point.
[    7.019098] systemd[1]: Listening on Journal Socket.
[[0;32m  OK  [0m] Listening on Journal Socket.
[    7.024116] systemd[1]: Created slice System Slice.
[[0;32m  OK  [0m] Created slice System Slice.
[    7.029220] systemd[1]: Created slice system-serial\x2dgetty.slice.
[[0;32m  OK  [0m] Created slice system-serial\x2dgetty.slice.
[    7.045826] systemd[1]: Starting Uncomplicated firewall...
         Starting Uncomplicated firewall...
[    7.052417] systemd[1]: Mounting Debug File System...
         Mounting Debug File System...
[    7.080798] systemd[1]: Mounting Huge Pages File System...
         Mounting Huge Pages File System...
[    7.090383] systemd[1]: Starting Load Kernel Modules...
         Starting Load Kernel Modules...
[    7.098247] systemd[1]: Starting Create list of required static device nodes for the current kernel...
         Starting Create list of required st... nodes for the current kernel...
[    7.106421] systemd[1]: Reached target Encrypted Volumes.
[[0;32m  OK  [0m] Reached target Encrypted Volumes.
[    7.112337] systemd[1]: Reached target Swap.
[[0;32m  OK  [0m] Reached target Swap.
[    7.121774] Loading iSCSI transport class v2.0-870.
[    7.121917] systemd[1]: Listening on LVM2 poll daemon socket.
[[0;32m  OK  [0m] Listening on LVM2 poll daemon socket.
[    7.139432] iscsi: registered transport (tcp)
[    7.152340] systemd[1]: Starting Nameserver information manager...
         Starting Nameserver information manager...
[    7.162417] systemd[1]: Starting Set console keymap...
         Starting Set console keymap...
[    7.169136] systemd[1]: Created slice User and Session Slice.
[[0;32m  OK  [0m] Created slice User and Session Slice.
[    7.176285] systemd[1]: Reached target Slices.
[[0;32m  OK  [0m] Reached target Slices.
[    7.181119] systemd[1]: Started Trigger resolvconf update for networkd DNS.
[[0;32m  OK  [0m] Started Trigger resolvconf update for networkd DNS.
[    7.191426] systemd[1]: Starting Remount Root and Kernel File Systems...
         Starting Remount Root and Kernel File Systems...
[    7.198916] systemd[1]: Listening on udev Control Socket.
[[0;32m  OK  [0m] Listening on udev Control Socket.
[    7.205408] systemd[1]: Mounting POSIX Message Queue File System...
         Mounting POSIX Message Queue File System...
[    7.217263] EXT4-fs (sda1): re-mounted. Opts: (null)
[    7.219663] systemd[1]: Started Forward Password Requests to Wall Directory Watch.
[[0;32m  OK  [0m] Started Forward Password Requests to Wall Directory Watch.
[    7.229395] systemd[1]: Reached target User and Group Name Lookups.
[[0;32m  OK  [0m] Reached target User and Group Name Lookups.
[    7.236199] systemd[1]: Listening on LVM2 metadata daemon socket.
[[0;32m  OK  [0m] Listening on LVM2 metadata daemon socket.
[    7.260367] iscsi: registered transport (iser)
[    7.263143] systemd[1]: Starting Monitoring of LVM2 mirrors, snapshots etc. using dmeventd or progress polling...
         Starting Monitoring of LVM2 mirrors... dmeventd or progress polling...
[    7.277112] systemd[1]: Listening on Journal Socket (/dev/log).
[[0;32m  OK  [0m] Listening on Journal Socket (/dev/log).
[    7.289168] systemd[1]: Listening on Syslog Socket.
[[0;32m  OK  [0m] Listening on Syslog Socket.
[    7.313520] systemd[1]: Starting Journal Service...
         Starting Journal Service...
[    7.321416] systemd[1]: Mounted Huge Pages File System.
[[0;32m  OK  [0m] Mounted Huge Pages File System.
[    7.325506] systemd[1]: Mounted Debug File System.
[[0;32m  OK  [0m] Mounted Debug File System.
[    7.329604] systemd[1]: Mounted POSIX Message Queue File System.
[[0;32m  OK  [0m] Mounted POSIX Message Queue File System.
[    7.335737] systemd[1]: Started Uncomplicated firewall.
[[0;32m  OK  [0m] Started Uncomplicated firewall.
[    7.341588] systemd[1]: Started Load Kernel Modules.
[[0;32m  OK  [0m] Started Load Kernel Modules.
[    7.349923] systemd[1]: Started Create list of required static device nodes for the current kernel.
[[0;32m  OK  [0m] Started Create list of required sta...ce nodes for the current kernel.
[    7.382144] systemd[1]: Started Remount Root and Kernel File Systems.
[[0;32m  OK  [0m] Started Remount Root and Kernel File Systems.
[    7.394025] systemd[1]: Started Set console keymap.
[[0;32m  OK  [0m] Started Set console keymap.
[    7.417698] systemd[1]: Started Nameserver information manager.
[[0;32m  OK  [0m] Started Nameserver information manager.
[    7.429976] systemd[1]: Started Journal Service.
[[0;32m  OK  [0m] Started Journal Service.
[[0;32m  OK  [0m] Started LVM2 metadata daemon.
[    7.568836] random: nonblocking pool is initialized
         Starting Flush Journal to Persistent Storage...
         Starting Load/Save Random Seed...
         Starting udev Coldplug all Devices...
         Starting Create Static Device Nodes in /dev...
         Mounting FUSE Control File System...
         Starting Apply Kernel Variables...
[[0;32m  OK  [0m] Mounted FUSE Control File System.
[[0;32m  OK  [0m] Started Load/Save Random Seed.
[[0;32m  OK  [0m] Started Apply Kernel Variables.
[[0;32m  OK  [0m] Started Create Static Device Nodes in /dev.
[[0;32m  OK  [0m] Started Flush Journal to Persistent Storage.
[[0;32m  OK  [0m] Started udev Coldplug all Devices.
         Starting udev Kernel Device Manager...
[[0;32m  OK  [0m] Started Monitoring of LVM2 mirrors,...ng dmeventd or progress polling.
[[0;32m  OK  [0m] Reached target Local File Systems (Pre).
[[0;32m  OK  [0m] Reached target Local File Systems.
         Starting Set console font and keymap...
         Starting Commit a transient machine-id on disk...
         Starting Create Volatile Files and Directories...
         Starting Tell Plymouth To Write Out Runtime Data...
         Starting Initial cloud-init job (pre-networking)...
         Starting LSB: AppArmor initialization...
[[0;32m  OK  [0m] Started udev Kernel Device Manager.
[[0;32m  OK  [0m] Started Tell Plymouth To Write Out Runtime Data.
[[0;32m  OK  [0m] Started Commit a transient machine-id on disk.
[[0;32m  OK  [0m] Started Create Volatile Files and Directories.
         Starting Update UTMP about System Boot/Shutdown...
[[0;32m  OK  [0m] Started Dispatch Password Requests to Console Directory Watch.
[[0;32m  OK  [0m] Started Update UTMP about System Boot/Shutdown.
[[0;32m  OK  [0m] Found device /dev/ttyS0.
[[0;32m  OK  [0m] Listening on Load/Save RF Kill Switch Status /dev/rfkill Watch.
[   10.040371] cloud-init[495]: Cloud-init v. 18.4-0ubuntu1~16.04.2 running 'init-local' at Wed, 10 Apr 2019 18:06:53 +0000. Up 9.21 seconds.
[[0;32m  OK  [0m] Started Initial cloud-init job (pre-networking).
[[0;32m  OK  [0m] Reached target Network (Pre).
[[0;32m  OK  [0m] Started Set console font and keymap.
[[0;32m  OK  [0m] Created slice system-getty.slice.
[[0;32m  OK  [0m] Started LSB: AppArmor initialization.
         Starting Raise network interfaces...
[[0;32m  OK  [0m] Started Raise network interfaces.
         Starting Initial cloud-init job (metadata service crawler)...
[[0;32m  OK  [0m] Reached target Network.
[   13.955913] cloud-init[960]: Cloud-init v. 18.4-0ubuntu1~16.04.2 running 'init' at Wed, 10 Apr 2019 18:06:57 +0000. Up 13.11 seconds.
[   13.959429] cloud-init[960]: ci-info: ++++++++++++++++++++++++++++++++++++++Net device info+++++++++++++++++++++++++++++++++++++++
[   13.963350] cloud-init[960]: ci-info: +--------+-------+----------------------------+---------------+--------+-------------------+
[   13.967375] cloud-init[960]: ci-info: | Device |   Up  |          Address           |      Mask     | Scope  |     Hw-Address    |
[   13.971372] cloud-init[960]: ci-info: +--------+-------+----------------------------+---------------+--------+-------------------+
[   13.975387] cloud-init[960]: ci-info: | enp0s3 |  True |         10.0.2.15          | 255.255.255.0 | global | 02:a9:46:80:4d:77 |
[   13.978922] cloud-init[960]: ci-info: | enp0s3 |  True | fe80::a9:46ff:fe80:4d77/64 |       .       |  link  | 02:a9:46:80:4d:77 |
[   13.982842] cloud-init[960]: ci-info: | enp0s8 | False |             .              |       .       |   .    | 08:00:27:00:fd:b1 |
[   13.985857] cloud-init[960]: ci-info: |   lo   |  True |         127.0.0.1          |   255.0.0.0   |  host  |         .         |
[   13.988980] cloud-init[960]: ci-info: |   lo   |  True |          ::1/128           |       .       |  host  |         .         |
[   13.992108] cloud-init[960]: ci-info: +--------+-------+----------------------------+---------------+--------+-------------------+
[   13.996441] cloud-init[960]: ci-info: +++++++++++++++++++++++++++Route IPv4 info++++++++++++++++++++++++++++
[   14.000451] cloud-init[960]: ci-info: +-------+-------------+----------+---------------+-----------+-------+
[   14.004029] cloud-init[960]: ci-info: | Route | Destination | Gateway  |    Genmask    | Interface | Flags |
[   14.012692] cloud-init[960]: ci-info: +-------+-------------+----------+---------------+-----------+-------+
[   14.025359] cloud-init[960]: ci-info: |   0   |   0.0.0.0   | 10.0.2.2 |    0.0.0.0    |   enp0s3  |   UG  |
[   14.029270] cloud-init[960]: ci-info: |   1   |   10.0.2.0  | 0.0.0.0  | 255.255.255.0 |   enp0s3  |   U   |
[   14.032705] cloud-init[960]: ci-info: +-------+-------------+----------+---------------+-----------+-------+
[   14.036566] cloud-init[960]: ci-info: +++++++++++++++++++Route IPv6 info+++++++++++++++++++
[   14.040083] cloud-init[960]: ci-info: +-------+-------------+---------+-----------+-------+
[   14.043034] cloud-init[960]: ci-info: | Route | Destination | Gateway | Interface | Flags |
[   14.049092] cloud-init[960]: ci-info: +-------+-------------+---------+-----------+-------+
[   14.053223] cloud-init[960]: ci-info: |   0   |  fe80::/64  |    ::   |   enp0s3  |   U   |
[   14.055743] cloud-init[960]: ci-info: |   3   |   ff00::/8  |    ::   |   enp0s3  |   U   |
[   14.060461] cloud-init[960]: ci-info: +-------+-------------+---------+-----------+-------+
[   14.064483] cloud-init[960]: Generating public/private rsa key pair.
[   14.066995] cloud-init[960]: Your identification has been saved in /etc/ssh/ssh_host_rsa_key.
[   14.069325] cloud-init[960]: Your public key has been saved in /etc/ssh/ssh_host_rsa_key.pub.
[   14.072453] cloud-init[960]: The key fingerprint is:
[   14.074162] cloud-init[960]: SHA256:0InwIPXAMpHVZSvnOYYJQmjTZp32vGLUw4RyRWTVwJM root@ubuntu-xenial
[   14.084750] cloud-init[960]: The key's randomart image is:
[   14.092551] cloud-init[960]: +---[RSA 2048]----+
[   14.094669] cloud-init[960]: | .=*B.**=o+      |
[   14.096559] cloud-init[960]: |.++*.%o= E .     |
[   14.105243] cloud-init[960]: |. =o= % = .      |
[   14.107026] cloud-init[960]: |   . o & .       |
[   14.108800] cloud-init[960]: |    . o S        |
[   14.110553] cloud-init[960]: |     o o .       |
[   14.112415] cloud-init[960]: |    . .          |
[   14.114137] cloud-init[960]: |                 |
[   14.116005] cloud-init[960]: |                 |
[   14.124615] cloud-init[960]: +----[SHA256]-----+
[   14.126618] cloud-init[960]: Generating public/private dsa key pair.
[   14.129332] cloud-init[960]: Your identification has been saved in /etc/ssh/ssh_host_dsa_key.
[   14.133197] cloud-init[960]: Your public key has been saved in /etc/ssh/ssh_host_dsa_key.pub.
[   14.138085] [[0;32m  OK  [0m] Started Initial cloud-init job (metadata service crawler).
cloud-init[960]: The key fingerprint is:
[   14.140936] [[0;32m  OK  [0m] Reached target Cloud-config availability.
cloud-init[[0;32m  OK  [0m] Reached target System Initialization.
[960]: SHA256:XhSYrNTnjWFCL77ESSmeITHivhJn0dssxdII9GulGPw root@ubuntu-xenial
[   14.147733] [[0;32m  OK  [0m] Started ACPI Events Check.
[[0;32m  OK  [0m] Reached target Paths.
         Starting Socket activation for snappy daemon.
[[0;32m  OK  [0m] Listening on ACPID Listen Socket.
         Starting LXD - unix socket.
[[0;32m  OK  [0m] Started Daily apt download activities.
[[0;32m  OK  [0m] Started Daily apt upgrade and clean activities.
[[0;32m  OK  [0m] Listening on D-Bus System Message Bus Socket.
[[0;32m  OK  [0m] Started Daily Cleanup of Temporary Directories.
[[0;32m  OK  [0m] Listening on UUID daemon activation socket.
[[0;32m  OK  [0m] Reached target Timers.
[[0;32m  OK  [0m] Reached target Network is Online.
cloud-init[960]: The key's randomart image is:
[   14.162711] cloud-init[960]: +---[DSA 1024]----+
[   14.165376] cloud-init[960]: | .+ o  +.o.      |
[   14.167955] cloud-init[960]: | o = *. *o+.     |
[   14.170499] cloud-init[960]: |  = *.B.+=o+     |
[   14.172404] cloud-init[960]: | . = %.B +o .    |
[   14.174632] cloud-init[960]: |. = E = S .      |
         Starting iSCSI initiator daemon (iscsid)...
[   14.177584] cloud-init[960]: | + o . o o       |[[0;32m  OK  [0m] Listening on Socket activation for snappy daemon.

[   14.181595] cloud-init[960]: |. .     o        |
[   14.183166] cloud-init[960]: | .               |
[   14.184790] [[0;32m  OK  [0m] Listening on LXD - unix socket.
cloud-init[960]: |                 |
[   14.188240] cloud-init[960]: +----[SHA256]-----+
[   14.190451] cloud-init[960]: Generating public/private ecdsa key pair.
[   14.192844] cloud-init[960]: Your identification has been saved in /etc/ssh/ssh_host_ecdsa_key.
[   14.195860] cloud-init[960]: Your public key has been saved in /etc/ssh/ssh_host_ecdsa_key.pub.[
[   14.200898] cloud-init[960]: The key fingerprint is:
[   14.201839] cloud-init[960]: SHA256:sJvkCkAnWnCXI125qS53+0idCv2idBB3JpyNxneR3Cw root@ubuntu-xenial
[   14.201920] cloud-init[960]: The key's randomart image is:
[   14.201991] cloud-init[960]: +---[ECDSA 256]---+
[   14.202063] cloud-init[960]: |. ...o.. ..+     |
[   14.202130] cloud-init[960]: | o..+o.+  E.o    |
[0;32m  OK  [0m] Reached target Sockets.
[[0;32m  OK  [0m] Reached target Basic System.
[   14.212463] cloud-init[960]: | o.o..Xo= ..     |
[   14.214416] cloud-init[960]: |o.o  +oB .       |
[   14.216397] cloud-init[960]: |o   ..o S        |
[   14.218257] cloud-init[960]: | .  .= + .       |
[   14.220297] cloud-init[960]: |  ..o B o        |
[   14.222352] cloud-init[960]: |  .oo=o+         |
[   14.224286] cloud-init[[0;32m  OK  [0m] Started D-Bus System Message Bus.
[960]: |   ooo++o        |
[   14.232943] cloud-init[960]: +----[SHA256]-----+
[   14.235314] cloud-init[960]: Generating public/private ed25519 key pair.
[   14.239704] cloud-init[960]: Your identification has been saved in /etc/ssh/ssh_host_ed25519_key.
[   14.242392] cloud-init[960]: Your public key has been saved in /etc/ssh/ssh_host_ed25519_key.pub.
[   14.245155] cloud-init[960]: The key fingerprint is:
[   14.252410] cloud-init[960]: SHA256:RVl6mFqRKurXMiSbcnqdsuj/UFJYlIrHjBnEEKKYQJM root@ubuntu-xenial
[   14.255163] cloud-init[960]: The key's randomart image is:
[   14.257466] cloud-init[960]: +--[ED25519 256]--+
[   14.264771] cloud-init[960]: |*Bo  .o.  o+.    |
[   14.266571] cloud-init[960]: |=E+  o.  .o=     |
[   14.268372] cloud-init[960]: |+  B...  .* .    |
[   14.270189] cloud-init[960]: |  + =.. .+ .     |
[   14.272651] cloud-init[960]: |   .....S        |
[   14.275086] cloud-init[960]: |    oo.          |
[   14.277078] cloud-init[960]: |   ..* o         |
[   14.284702] cloud-init[960]: |  ..B.* .        |
[   14.286709] cloud-init[960]: | .+*o=.o         |
[   14.288358] cloud-init[960]: +----[SHA256]-----+
[[0;32m  OK  [0m] Started Deferred execution scheduler.
         Starting Accounts Service...
         Starting Virtualbox guest utils...
         Starting Login Service...
         Starting LSB: Record successful boot for GRUB...
         Starting LSB: MD monitoring daemon...
[[0;32m  OK  [0m] Started Unattended Upgrades Shutdown.
         Starting LXD - container startup/shutdown...
[[0;32m  OK  [0m] Started FUSE filesystem for LXC.
         Starting /etc/rc.local Compatibility...
         Starting Pollinate to seed the pseudo random number generator...
[[0;32m  OK  [0m] Started Regular background program processing daemon.
         Starting Snappy daemon...
[[0;32m  OK  [0m] Started ACPI event daemon.
         Starting System Logging Service...
[[0;32m  OK  [0m] Started /etc/rc.local Compatibility.
[[0;32m  OK  [0m] Started iSCSI initiator daemon (iscsid).
[[0;32m  OK  [0m] Started System Logging Service.
[[0;32m  OK  [0m] Started Login Service.
         Starting Authenticate and Authorize Users to Run Privileged Tasks...
         Starting Login to default iSCSI targets...
[[0;32m  OK  [0m] Started LSB: MD monitoring daemon.
[[0;32m  OK  [0m] Started LSB: Record successful boot for GRUB.
[[0;32m  OK  [0m] Started LXD - container startup/shutdown.
[[0;32m  OK  [0m] Started Authenticate and Authorize Users to Run Privileged Tasks.
[[0;32m  OK  [0m] Started Accounts Service.
[[0;32m  OK  [0m] Started Virtualbox guest utils.
[[0;32m  OK  [0m] Started Login to default iSCSI targets.
[[0;32m  OK  [0m] Reached target Remote File Systems (Pre).
[[0;32m  OK  [0m] Reached target Remote File Systems.
         Starting LSB: daemon to balance interrupts for SMP systems...
         Starting LSB: automatic crash report generation...
         Starting LSB: Set the CPU Frequency Scaling governor to "ondemand"...
         Starting Permit User Sessions...
[[0;32m  OK  [0m] Started Permit User Sessions.
         Starting Terminate Plymouth Boot Screen...
         Starting Hold until boot process finishes up...
[[0;32m  OK  [0m] Started LSB: automatic crash report generation.
[[0;32m  OK  [0m] Started LSB: Set the CPU Frequency Scaling governor to "ondemand".
[[0;32m  OK  [0m] Started Terminate Plymouth Boot Screen.
[[0;32m  OK  [0m] Started LSB: daemon to balance interrupts for SMP systems.
[[0;32m  OK  [0m] Started Hold until boot process finishes up.
         Starting Set console scheme...
[[0;32m  OK  [0m] Started Serial Getty on ttyS0.
[[0;32m  OK  [0m] Started Getty on tty1.
[[0;32m  OK  [0m] Reached target Login Prompts.
[[0;32m  OK  [0m] Started Snappy daemon.
[[0;32m  OK  [0m] Started Set console scheme.
         Starting Wait until snapd is fully seeded...
[[0;32m  OK  [0m] Started Pollinate to seed the pseudo random number generator.
         Starting OpenBSD Secure Shell server...
[[0;32m  OK  [0m] Started OpenBSD Secure Shell server.
[[0;32m  OK  [0m] Created slice User Slice of vagrant.
         Starting User Manager for UID 1000...
[[0;32m  OK  [0m] Started Session 1 of user vagrant.
[[0;32m  OK  [0m] Started User Manager for UID 1000.
[[0;32m  OK  [0m] Started Wait until snapd is fully seeded.
         Starting Apply the settings specified in cloud-config...
[[0;32m  OK  [0m] Reached target Multi-User System.
[[0;32m  OK  [0m] Reached target Graphical Interface.
         Starting Update UTMP about System Runlevel Changes...
[[0;32m  OK  [0m] Started Update UTMP about System Runlevel Changes.
[   18.733129] cloud-init[1362]: Generating locales (this might take a while)...
[   20.919676] cloud-init[1362]:   en_US.UTF-8... done
[   20.920073] cloud-init[1362]: Generation complete.

Ubuntu 16.04.5 LTS ubuntu-xenial ttyS0

ubuntu-xenial login: [   21.466285] cloud-init[1362]: Cloud-init v. 18.4-0ubuntu1~16.04.2 running 'modules:config' at Wed, 10 Apr 2019 18:07:02 +0000. Up 18.44 seconds.
ci-info: no authorized ssh keys fingerprints found for user ubuntu.
<14>Apr 10 18:07:06 ec2: 
<14>Apr 10 18:07:06 ec2: #############################################################
<14>Apr 10 18:07:06 ec2: -----BEGIN SSH HOST KEY FINGERPRINTS-----
<14>Apr 10 18:07:06 ec2: 1024 SHA256:XhSYrNTnjWFCL77ESSmeITHivhJn0dssxdII9GulGPw root@ubuntu-xenial (DSA)
<14>Apr 10 18:07:06 ec2: 256 SHA256:sJvkCkAnWnCXI125qS53+0idCv2idBB3JpyNxneR3Cw root@ubuntu-xenial (ECDSA)
<14>Apr 10 18:07:06 ec2: 256 SHA256:RVl6mFqRKurXMiSbcnqdsuj/UFJYlIrHjBnEEKKYQJM root@ubuntu-xenial (ED25519)
<14>Apr 10 18:07:06 ec2: 2048 SHA256:0InwIPXAMpHVZSvnOYYJQmjTZp32vGLUw4RyRWTVwJM root@ubuntu-xenial (RSA)
<14>Apr 10 18:07:06 ec2: -----END SSH HOST KEY FINGERPRINTS-----
<14>Apr 10 18:07:06 ec2: #############################################################
-----BEGIN SSH HOST KEY KEYS-----
ecdsa-sha2-nistp256 AAAAE2VjZHNhLXNoYTItbmlzdHAyNTYAAAAIbmlzdHAyNTYAAABBBNDSvzyn+9lWJLYUtAkIJNrtqH7dq4MHXa32QgRwvxET5pi4ZxMzTDcGsQIDdUo55SwmJIl/iOeYwxg1vfixRbY= root@ubuntu-xenial
ssh-ed25519 AAAAC3NzaC1lZDI1NTE5AAAAIA5ad/lIzM9amgx1LB5dCKdAXR6NsCED6MkMxIGMVEAs root@ubuntu-xenial
ssh-rsa AAAAB3NzaC1yc2EAAAADAQABAAABAQDMg+DO0tAbDfOM8irbwRkM8V4q3JGJeZDcfPeyduwbxm0dvKrOGRsximvCk7UPsWNexUEEtyYtuVmy/nzJVSug+5Ng7/g963CySWTe90oxINH2Hu2t80MUEuFpKyPuQn8Sesr6B4oEQb5XOD9Uw5w9QvxqSOoeHa3Kj/PAKOQ0U4Wx94z8BMvL9f7nv+jwbzJkEq3xPKmC0cVDmL39o4UMgDC4a0F8djd0aNevhJpfU6AfBl9hIjc+U4wIcQYy2YiNp4EBJ0GqREJj2qsqhw87SyOJXXe68fK5CtEWIjJhwJCQFj/2uf4XoUnZXaEcJZTQOqi0VHCLE7O8gxMwtrh9 root@ubuntu-xenial
-----END SSH HOST KEY KEYS-----
[   22.669963] cloud-init[1528]: Cloud-init v. 18.4-0ubuntu1~16.04.2 running 'modules:final' at Wed, 10 Apr 2019 18:07:06 +0000. Up 22.26 seconds.
[   22.670259] cloud-init[1528]: ci-info: no authorized ssh keys fingerprints found for user ubuntu.
[   22.670491] cloud-init[1528]: Cloud-init v. 18.4-0ubuntu1~16.04.2 finished at Wed, 10 Apr 2019 18:07:06 +0000. Datasource DataSourceNoCloud [seed=/dev/sdb][dsmode=net].  Up 22.64 seconds
